// Jest Snapshot v1, https://goo.gl/fbAQLP

exports[`CharacterCard matches snapshot 1`] = `
Object {
  "asFragment": [Function],
  "baseElement": <body>
    <div>
      <div
        class="MuiPaper-root MuiPaper-elevation MuiPaper-rounded MuiPaper-elevation1 MuiCard-root css-1amsolq-MuiPaper-root-MuiCard-root"
      >
        <img
          alt="Rick Sanchez"
          class="MuiCardMedia-root MuiCardMedia-media MuiCardMedia-img css-p178uf-MuiCardMedia-root"
          src="https://rickandmortyapi.com/api/character/avatar/1.jpeg"
        />
        <div
          class="MuiCardContent-root css-1wkgrvo-MuiCardContent-root"
        >
          <div
            class="MuiTypography-root MuiTypography-h3 css-1ey9xtw-MuiTypography-root"
          >
            Rick Sanchez
          </div>
          <div
            class="MuiBox-root css-s4ncqe"
          >
            <div
              class="MuiBox-root css-14qgaio"
            />
            <div
              class="MuiTypography-root MuiTypography-h5 css-pk4xan-MuiTypography-root"
            >
              Alive
            </div>
          </div>
          <div
            class="MuiBox-root css-0"
          >
            <div
              class="MuiBox-root css-11rx8v9"
            >
              <svg
                aria-hidden="true"
                class="svg-inline--fa fa-dna "
                data-icon="dna"
                data-prefix="fas"
                focusable="false"
                role="img"
                style="font-weight: bold;"
                viewBox="0 0 448 512"
                xmlns="http://www.w3.org/2000/svg"
              >
                <path
                  d="M416 0c17.7 0 32 14.3 32 32c0 59.8-30.3 107.5-69.4 146.6c-28 28-62.5 53.5-97.3 77.4l-2.5 1.7c-11.9 8.1-23.8 16.1-35.5 23.9l0 0 0 0 0 0-1.6 1c-6 4-11.9 7.9-17.8 11.9c-20.9 14-40.8 27.7-59.3 41.5H283.3c-9.8-7.4-20.1-14.7-30.7-22.1l7-4.7 3-2c15.1-10.1 30.9-20.6 46.7-31.6c25 18.1 48.9 37.3 69.4 57.7C417.7 372.5 448 420.2 448 480c0 17.7-14.3 32-32 32s-32-14.3-32-32H64c0 17.7-14.3 32-32 32s-32-14.3-32-32c0-59.8 30.3-107.5 69.4-146.6c28-28 62.5-53.5 97.3-77.4c-34.8-23.9-69.3-49.3-97.3-77.4C30.3 139.5 0 91.8 0 32C0 14.3 14.3 0 32 0S64 14.3 64 32H384c0-17.7 14.3-32 32-32zM338.6 384H109.4c-10.1 10.6-18.6 21.3-25.5 32H364.1c-6.8-10.7-15.3-21.4-25.5-32zM109.4 128H338.6c10.1-10.7 18.6-21.3 25.5-32H83.9c6.8 10.7 15.3 21.3 25.5 32zm55.4 48c18.4 13.8 38.4 27.5 59.3 41.5c20.9-14 40.8-27.7 59.3-41.5H164.7z"
                  fill="currentColor"
                />
              </svg>
              <div
                class="MuiTypography-root MuiTypography-h5 css-hi164r-MuiTypography-root"
              >
                Species
              </div>
            </div>
            <div
              class="MuiTypography-root MuiTypography-h5 css-18vl5hq-MuiTypography-root"
            >
              Human - Male
            </div>
          </div>
          <div
            class="MuiBox-root css-0"
          >
            <div
              class="MuiBox-root css-11rx8v9"
            >
              <svg
                aria-hidden="true"
                class="svg-inline--fa fa-location-arrow "
                data-icon="location-arrow"
                data-prefix="fas"
                focusable="false"
                role="img"
                style="font-weight: bold;"
                viewBox="0 0 448 512"
                xmlns="http://www.w3.org/2000/svg"
              >
                <path
                  d="M429.6 92.1c4.9-11.9 2.1-25.6-7-34.7s-22.8-11.9-34.7-7l-352 144c-14.2 5.8-22.2 20.8-19.3 35.8s16.1 25.8 31.4 25.8H224V432c0 15.3 10.8 28.4 25.8 31.4s30-5.1 35.8-19.3l144-352z"
                  fill="currentColor"
                />
              </svg>
              <div
                class="MuiTypography-root MuiTypography-h5 css-hi164r-MuiTypography-root"
              >
                Last known location
              </div>
            </div>
            <div
              class="MuiTypography-root MuiTypography-h5 css-18vl5hq-MuiTypography-root"
            >
              Citadel of Ricks
            </div>
          </div>
          <div
            class="MuiBox-root css-0"
          >
            <div
              class="MuiBox-root css-11rx8v9"
            >
              <svg
                aria-hidden="true"
                class="svg-inline--fa fa-eye "
                data-icon="eye"
                data-prefix="fas"
                focusable="false"
                role="img"
                style="font-weight: bold;"
                viewBox="0 0 576 512"
                xmlns="http://www.w3.org/2000/svg"
              >
                <path
                  d="M288 32c-80.8 0-145.5 36.8-192.6 80.6C48.6 156 17.3 208 2.5 243.7c-3.3 7.9-3.3 16.7 0 24.6C17.3 304 48.6 356 95.4 399.4C142.5 443.2 207.2 480 288 480s145.5-36.8 192.6-80.6c46.8-43.5 78.1-95.4 93-131.1c3.3-7.9 3.3-16.7 0-24.6c-14.9-35.7-46.2-87.7-93-131.1C433.5 68.8 368.8 32 288 32zM432 256c0 79.5-64.5 144-144 144s-144-64.5-144-144s64.5-144 144-144s144 64.5 144 144zM288 192c0 35.3-28.7 64-64 64c-11.5 0-22.3-3-31.6-8.4c-.2 2.8-.4 5.5-.4 8.4c0 53 43 96 96 96s96-43 96-96s-43-96-96-96c-2.8 0-5.6 .1-8.4 .4c5.3 9.3 8.4 20.1 8.4 31.6z"
                  fill="currentColor"
                />
              </svg>
              <div
                class="MuiTypography-root MuiTypography-h5 css-hi164r-MuiTypography-root"
              >
                First seen in
              </div>
            </div>
            <div
              class="MuiTypography-root MuiTypography-h5 css-18vl5hq-MuiTypography-root"
            >
              Pilot
            </div>
          </div>
        </div>
      </div>
    </div>
  </body>,
  "container": <div>
    <div
      class="MuiPaper-root MuiPaper-elevation MuiPaper-rounded MuiPaper-elevation1 MuiCard-root css-1amsolq-MuiPaper-root-MuiCard-root"
    >
      <img
        alt="Rick Sanchez"
        class="MuiCardMedia-root MuiCardMedia-media MuiCardMedia-img css-p178uf-MuiCardMedia-root"
        src="https://rickandmortyapi.com/api/character/avatar/1.jpeg"
      />
      <div
        class="MuiCardContent-root css-1wkgrvo-MuiCardContent-root"
      >
        <div
          class="MuiTypography-root MuiTypography-h3 css-1ey9xtw-MuiTypography-root"
        >
          Rick Sanchez
        </div>
        <div
          class="MuiBox-root css-s4ncqe"
        >
          <div
            class="MuiBox-root css-14qgaio"
          />
          <div
            class="MuiTypography-root MuiTypography-h5 css-pk4xan-MuiTypography-root"
          >
            Alive
          </div>
        </div>
        <div
          class="MuiBox-root css-0"
        >
          <div
            class="MuiBox-root css-11rx8v9"
          >
            <svg
              aria-hidden="true"
              class="svg-inline--fa fa-dna "
              data-icon="dna"
              data-prefix="fas"
              focusable="false"
              role="img"
              style="font-weight: bold;"
              viewBox="0 0 448 512"
              xmlns="http://www.w3.org/2000/svg"
            >
              <path
                d="M416 0c17.7 0 32 14.3 32 32c0 59.8-30.3 107.5-69.4 146.6c-28 28-62.5 53.5-97.3 77.4l-2.5 1.7c-11.9 8.1-23.8 16.1-35.5 23.9l0 0 0 0 0 0-1.6 1c-6 4-11.9 7.9-17.8 11.9c-20.9 14-40.8 27.7-59.3 41.5H283.3c-9.8-7.4-20.1-14.7-30.7-22.1l7-4.7 3-2c15.1-10.1 30.9-20.6 46.7-31.6c25 18.1 48.9 37.3 69.4 57.7C417.7 372.5 448 420.2 448 480c0 17.7-14.3 32-32 32s-32-14.3-32-32H64c0 17.7-14.3 32-32 32s-32-14.3-32-32c0-59.8 30.3-107.5 69.4-146.6c28-28 62.5-53.5 97.3-77.4c-34.8-23.9-69.3-49.3-97.3-77.4C30.3 139.5 0 91.8 0 32C0 14.3 14.3 0 32 0S64 14.3 64 32H384c0-17.7 14.3-32 32-32zM338.6 384H109.4c-10.1 10.6-18.6 21.3-25.5 32H364.1c-6.8-10.7-15.3-21.4-25.5-32zM109.4 128H338.6c10.1-10.7 18.6-21.3 25.5-32H83.9c6.8 10.7 15.3 21.3 25.5 32zm55.4 48c18.4 13.8 38.4 27.5 59.3 41.5c20.9-14 40.8-27.7 59.3-41.5H164.7z"
                fill="currentColor"
              />
            </svg>
            <div
              class="MuiTypography-root MuiTypography-h5 css-hi164r-MuiTypography-root"
            >
              Species
            </div>
          </div>
          <div
            class="MuiTypography-root MuiTypography-h5 css-18vl5hq-MuiTypography-root"
          >
            Human - Male
          </div>
        </div>
        <div
          class="MuiBox-root css-0"
        >
          <div
            class="MuiBox-root css-11rx8v9"
          >
            <svg
              aria-hidden="true"
              class="svg-inline--fa fa-location-arrow "
              data-icon="location-arrow"
              data-prefix="fas"
              focusable="false"
              role="img"
              style="font-weight: bold;"
              viewBox="0 0 448 512"
              xmlns="http://www.w3.org/2000/svg"
            >
              <path
                d="M429.6 92.1c4.9-11.9 2.1-25.6-7-34.7s-22.8-11.9-34.7-7l-352 144c-14.2 5.8-22.2 20.8-19.3 35.8s16.1 25.8 31.4 25.8H224V432c0 15.3 10.8 28.4 25.8 31.4s30-5.1 35.8-19.3l144-352z"
                fill="currentColor"
              />
            </svg>
            <div
              class="MuiTypography-root MuiTypography-h5 css-hi164r-MuiTypography-root"
            >
              Last known location
            </div>
          </div>
          <div
            class="MuiTypography-root MuiTypography-h5 css-18vl5hq-MuiTypography-root"
          >
            Citadel of Ricks
          </div>
        </div>
        <div
          class="MuiBox-root css-0"
        >
          <div
            class="MuiBox-root css-11rx8v9"
          >
            <svg
              aria-hidden="true"
              class="svg-inline--fa fa-eye "
              data-icon="eye"
              data-prefix="fas"
              focusable="false"
              role="img"
              style="font-weight: bold;"
              viewBox="0 0 576 512"
              xmlns="http://www.w3.org/2000/svg"
            >
              <path
                d="M288 32c-80.8 0-145.5 36.8-192.6 80.6C48.6 156 17.3 208 2.5 243.7c-3.3 7.9-3.3 16.7 0 24.6C17.3 304 48.6 356 95.4 399.4C142.5 443.2 207.2 480 288 480s145.5-36.8 192.6-80.6c46.8-43.5 78.1-95.4 93-131.1c3.3-7.9 3.3-16.7 0-24.6c-14.9-35.7-46.2-87.7-93-131.1C433.5 68.8 368.8 32 288 32zM432 256c0 79.5-64.5 144-144 144s-144-64.5-144-144s64.5-144 144-144s144 64.5 144 144zM288 192c0 35.3-28.7 64-64 64c-11.5 0-22.3-3-31.6-8.4c-.2 2.8-.4 5.5-.4 8.4c0 53 43 96 96 96s96-43 96-96s-43-96-96-96c-2.8 0-5.6 .1-8.4 .4c5.3 9.3 8.4 20.1 8.4 31.6z"
                fill="currentColor"
              />
            </svg>
            <div
              class="MuiTypography-root MuiTypography-h5 css-hi164r-MuiTypography-root"
            >
              First seen in
            </div>
          </div>
          <div
            class="MuiTypography-root MuiTypography-h5 css-18vl5hq-MuiTypography-root"
          >
            Pilot
          </div>
        </div>
      </div>
    </div>
  </div>,
  "debug": [Function],
  "findAllByAltText": [Function],
  "findAllByDisplayValue": [Function],
  "findAllByLabelText": [Function],
  "findAllByPlaceholderText": [Function],
  "findAllByRole": [Function],
  "findAllByTestId": [Function],
  "findAllByText": [Function],
  "findAllByTitle": [Function],
  "findByAltText": [Function],
  "findByDisplayValue": [Function],
  "findByLabelText": [Function],
  "findByPlaceholderText": [Function],
  "findByRole": [Function],
  "findByTestId": [Function],
  "findByText": [Function],
  "findByTitle": [Function],
  "getAllByAltText": [Function],
  "getAllByDisplayValue": [Function],
  "getAllByLabelText": [Function],
  "getAllByPlaceholderText": [Function],
  "getAllByRole": [Function],
  "getAllByTestId": [Function],
  "getAllByText": [Function],
  "getAllByTitle": [Function],
  "getByAltText": [Function],
  "getByDisplayValue": [Function],
  "getByLabelText": [Function],
  "getByPlaceholderText": [Function],
  "getByRole": [Function],
  "getByTestId": [Function],
  "getByText": [Function],
  "getByTitle": [Function],
  "queryAllByAltText": [Function],
  "queryAllByDisplayValue": [Function],
  "queryAllByLabelText": [Function],
  "queryAllByPlaceholderText": [Function],
  "queryAllByRole": [Function],
  "queryAllByTestId": [Function],
  "queryAllByText": [Function],
  "queryAllByTitle": [Function],
  "queryByAltText": [Function],
  "queryByDisplayValue": [Function],
  "queryByLabelText": [Function],
  "queryByPlaceholderText": [Function],
  "queryByRole": [Function],
  "queryByTestId": [Function],
  "queryByText": [Function],
  "queryByTitle": [Function],
  "rerender": [Function],
  "unmount": [Function],
}
`;
